Case #1: 69.0000000
Case #2: 854.8533700
Case #3: 562.6216858
Case #4: 804.3064209
Case #5: 11.7954545
Case #6: 255.3562571
Case #7: 896.1286578
Case #8: 402.0000000
Case #9: 197.6833865
Case #10: 794.2176777
Case #11: 158.2626491
Case #12: 95.3526095
Case #13: 875.3826354
Case #14: 126.6898576
Case #15: 146.8333333
Case #16: 394.0000000
Case #17: 168.6392263
Case #18: 335.1439035
Case #19: 838.7874923
Case #20: 833.2271657
Case #21: 35.3751984
Case #22: 784.6942384
Case #23: 230.2198700
Case #24: 45.6219153
Case #25: 113.7750000
Case #26: 288.7194312
Case #27: 550.6839065
Case #28: 872.8087942
Case #29: 249.8270646
Case #30: 857.4130824
Case #31: 856.9681891
Case #32: 3.1470589
Case #33: 201.5000000
Case #34: 215.0000000
Case #35: 3.2321619
Case #36: 794.6419351
Case #37: 849.0923143
Case #38: 166.3125251
Case #39: 827.7234134
Case #40: 147.8144700
Case #41: 142.6238701
Case #42: 828.7134019
Case #43: 274.8280410
Case #44: 201.0447290
Case #45: 391.3411011
Case #46: 25.5800000
Case #47: 809.0095171
Case #48: 148.5000000
Case #49: 324.4918144
Case #50: 13.7890692
Case #51: 854.8381246
Case #52: 592.6156061
Case #53: 678.0802103
Case #54: 207.1900000
Case #55: 101.0000000
Case #56: 895.8806976
Case #57: 885.7866883
Case #58: 571.9938601
Case #59: 32.5958990
Case #60: 200.9566626
Case #61: 179.5000000
Case #62: 289.4501981
Case #63: 40.5571753
Case #64: 790.6716211
Case #65: 896.5418639
Case #66: 468.9750000
Case #67: 825.3269918
Case #68: 870.6299324
Case #69: 765.0333333
Case #70: 147.0000000
Case #71: 1.2882707
Case #72: 486.9462000
Case #73: 803.3847059
Case #74: 415.4844350
Case #75: 2.9198694
Case #76: 817.3941290
Case #77: 777.6294962
Case #78: 3.2419263
Case #79: 632.1142919
Case #80: 868.4595318
Case #81: 868.8010136
Case #82: 479.1989694
Case #83: 850.7788587
Case #84: 219.5000000
Case #85: 860.5651754
Case #86: 815.2722573
Case #87: 390.7083333
Case #88: 816.0762577
Case #89: 3.0416910
Case #90: 867.3235191
Case #91: 268.5000000
Case #92: 843.0700253
Case #93: 162.1826725
Case #94: 128.0000000
Case #95: 200.9405221
Case #96: 549.3022727
Case #97: 0.5000000
Case #98: 805.1057721
Case #99: 804.9021689
Case #100: 14.1280896
