Case #1:
c
.
.
.
Case #2:
c
.
.
*
Case #3:
c
.
*
*
Case #4:
c
*
*
*
Case #5:
c.
..
..
..
Case #6:
Impossible
Case #7:
c.
..
..
**
Case #8:
Impossible
Case #9:
c.
..
**
**
Case #10:
Impossible
Case #11:
Impossible
Case #12:
c*
**
**
**
Case #13:
c..
...
...
...
Case #14:
c..
...
...
..*
Case #15:
c..
...
..*
..*
Case #16:
c..
...
...
***
Case #17:
c.*
..*
..*
..*
Case #18:
Impossible
Case #19:
c.*
..*
..*
***
Case #20:
Impossible
Case #21:
c.*
..*
***
***
Case #22:
Impossible
Case #23:
Impossible
Case #24:
c**
***
***
***
Case #25:
c...
....
....
....
Case #26:
c...
....
....
...*
Case #27:
c...
....
....
..**
Case #28:
c...
....
...*
..**
Case #29:
c..*
...*
...*
...*
Case #30:
c..*
...*
...*
..**
Case #31:
c..*
...*
..**
..**
Case #32:
c..*
...*
...*
****
Case #33:
c.**
..**
..**
..**
Case #34:
Impossible
Case #35:
c.**
..**
..**
****
Case #36:
Impossible
Case #37:
c.**
..**
****
****
Case #38:
Impossible
Case #39:
Impossible
Case #40:
c***
****
****
****
Case #41:
c....
.....
.....
.....
Case #42:
c....
.....
.....
....*
Case #43:
c....
.....
.....
...**
Case #44:
c....
.....
.....
..***
Case #45:
c...*
....*
....*
....*
Case #46:
c...*
....*
....*
...**
Case #47:
c...*
....*
....*
..***
Case #48:
c...*
....*
...**
..***
Case #49:
c..**
...**
...**
...**
Case #50:
c..**
...**
...**
..***
Case #51:
c..**
...**
..***
..***
Case #52:
c..**
...**
...**
*****
Case #53:
c.***
..***
..***
..***
Case #54:
Impossible
Case #55:
c.***
..***
..***
*****
Case #56:
Impossible
Case #57:
c.***
..***
*****
*****
Case #58:
Impossible
Case #59:
Impossible
Case #60:
c****
*****
*****
*****
Case #61:
c.....
......
......
......
Case #62:
c.....
......
......
.....*
Case #63:
c.....
......
......
....**
Case #64:
c.....
......
......
...***
Case #65:
c....*
.....*
.....*
.....*
Case #66:
c....*
.....*
.....*
....**
Case #67:
c....*
.....*
.....*
...***
Case #68:
c....*
.....*
.....*
..****
Case #69:
c...**
....**
....**
....**
Case #70:
c...**
....**
....**
...***
Case #71:
c...**
....**
....**
..****
Case #72:
c...**
....**
...***
..****
Case #73:
c..***
...***
...***
...***
Case #74:
c..***
...***
...***
..****
Case #75:
c..***
...***
..****
..****
Case #76:
c..***
...***
...***
******
Case #77:
c.****
..****
..****
..****
Case #78:
Impossible
Case #79:
c.****
..****
..****
******
Case #80:
Impossible
Case #81:
c.****
..****
******
******
Case #82:
Impossible
Case #83:
Impossible
Case #84:
c*****
******
******
******
