Case #1: 5 5
Case #2: 9 3
Case #3: 7 2
Case #4: 10 10
Case #5: 3 0
Case #6: 7 2
Case #7: 0 0
Case #8: 0 0
Case #9: 7 2
Case #10: 3 2
Case #11: 7 2
Case #12: 6 0
Case #13: 8 1
Case #14: 0 0
Case #15: 10 3
Case #16: 8 2
Case #17: 10 10
Case #18: 0 0
Case #19: 8 8
Case #20: 6 2
Case #21: 6 1
Case #22: 0 0
Case #23: 8 2
Case #24: 8 1
Case #25: 9 3
Case #26: 8 4
Case #27: 7 1
Case #28: 2 1
Case #29: 9 3
Case #30: 1 1
Case #31: 10 10
Case #32: 5 1
Case #33: 0 0
Case #34: 7 1
Case #35: 3 2
Case #36: 7 2
Case #37: 5 1
Case #38: 9 9
Case #39: 3 0
Case #40: 7 2
Case #41: 7 3
Case #42: 7 1
Case #43: 0 0
Case #44: 0 0
Case #45: 1 1
Case #46: 7 1
Case #47: 8 2
Case #48: 9 3
Case #49: 0 0
Case #50: 5 0
