Case #1: 1
Case #2: 0
Case #3: 29
Case #4: 0
Case #5: 69
Case #6: Fegla Won
Case #7: 196
Case #8: Fegla Won
Case #9: 45
Case #10: Fegla Won
Case #11: Fegla Won
Case #12: 28
Case #13: 90
Case #14: Fegla Won
Case #15: 19
Case #16: 3
Case #17: 2
Case #18: Fegla Won
Case #19: 68
Case #20: Fegla Won
Case #21: 37
Case #22: Fegla Won
Case #23: Fegla Won
Case #24: Fegla Won
Case #25: 54
Case #26: 17
Case #27: 53
Case #28: 0
Case #29: 28
Case #30: Fegla Won
Case #31: 18
Case #32: 17
Case #33: 55
Case #34: Fegla Won
Case #35: 44
Case #36: Fegla Won
Case #37: Fegla Won
Case #38: Fegla Won
Case #39: 19
Case #40: 10
Case #41: 1
Case #42: 29
Case #43: 41
Case #44: 18
Case #45: Fegla Won
Case #46: 66
Case #47: Fegla Won
Case #48: Fegla Won
Case #49: Fegla Won
Case #50: Fegla Won
Case #51: 13
Case #52: 32
Case #53: Fegla Won
Case #54: 31
Case #55: 30
Case #56: 14
Case #57: 1
Case #58: 30
Case #59: 12
Case #60: 99
Case #61: 40
Case #62: Fegla Won
Case #63: Fegla Won
Case #64: 42
Case #65: 61
Case #66: 63
Case #67: 12
Case #68: 48
Case #69: Fegla Won
Case #70: 26
Case #71: 27
Case #72: Fegla Won
Case #73: 0
Case #74: Fegla Won
Case #75: 66
Case #76: 20
Case #77: 43
Case #78: Fegla Won
Case #79: 7
Case #80: 9
Case #81: Fegla Won
Case #82: 65
Case #83: Fegla Won
Case #84: 30
Case #85: 42
Case #86: 1
Case #87: 16
Case #88: Fegla Won
Case #89: Fegla Won
Case #90: Fegla Won
Case #91: 41
Case #92: Fegla Won
Case #93: 22
Case #94: 7
Case #95: Fegla Won
Case #96: 22
Case #97: Fegla Won
Case #98: 59
Case #99: 25
Case #100: 19
