Case #1:
c
.
Case #2:
c
*
Case #3:
c.
..
Case #4:
Impossible
Case #5:
Impossible
Case #6:
c*
**
Case #7:
c..
...
Case #8:
Impossible
Case #9:
c.*
..*
Case #10:
Impossible
Case #11:
Impossible
Case #12:
c**
***
Case #13:
c...
....
Case #14:
Impossible
Case #15:
c..*
...*
Case #16:
Impossible
Case #17:
c.**
..**
Case #18:
Impossible
Case #19:
Impossible
Case #20:
c***
****
