Case #1: 1
Case #2: 3
Case #3: 6
Case #4: 1
Case #5: 3
Case #6: 5
Case #7: 4
Case #8: 1
Case #9: 5
Case #10: NOT POSSIBLE
Case #11: 6
Case #12: 3
Case #13: 1
Case #14: NOT POSSIBLE
Case #15: 5
Case #16: 6
Case #17: 5
Case #18: 5
Case #19: 4
Case #20: 6
Case #21: 2
Case #22: NOT POSSIBLE
Case #23: 1
Case #24: 1
Case #25: NOT POSSIBLE
Case #26: 1
Case #27: 1
Case #28: 7
Case #29: 1
Case #30: 4
Case #31: 6
Case #32: NOT POSSIBLE
Case #33: 6
Case #34: 3
Case #35: NOT POSSIBLE
Case #36: 2
Case #37: NOT POSSIBLE
Case #38: NOT POSSIBLE
Case #39: NOT POSSIBLE
Case #40: 5
Case #41: NOT POSSIBLE
Case #42: 3
Case #43: NOT POSSIBLE
Case #44: NOT POSSIBLE
Case #45: NOT POSSIBLE
Case #46: NOT POSSIBLE
Case #47: NOT POSSIBLE
Case #48: 1
Case #49: 4
Case #50: NOT POSSIBLE
Case #51: 5
Case #52: NOT POSSIBLE
Case #53: 0
Case #54: 6
Case #55: NOT POSSIBLE
Case #56: 6
Case #57: NOT POSSIBLE
Case #58: 2
Case #59: 6
Case #60: 4
Case #61: 3
Case #62: 6
Case #63: 3
Case #64: NOT POSSIBLE
Case #65: 9
Case #66: 3
Case #67: 1
Case #68: 1
Case #69: 7
Case #70: 6
Case #71: 4
Case #72: NOT POSSIBLE
Case #73: 6
Case #74: 7
Case #75: 4
Case #76: 4
Case #77: 3
Case #78: 2
Case #79: 3
Case #80: NOT POSSIBLE
Case #81: 1
Case #82: NOT POSSIBLE
Case #83: 4
Case #84: 3
Case #85: 6
Case #86: 5
Case #87: 0
Case #88: 5
Case #89: 1
Case #90: 3
Case #91: 4
Case #92: 3
Case #93: 4
Case #94: 6
Case #95: 7
Case #96: 6
Case #97: 2
Case #98: 9
Case #99: 2
Case #100: 1
