Case #1: 1
Case #2: 8
Case #3: 2
Case #4: 2
Case #5: 0
Case #6: 1
Case #7: 4
Case #8: 0
Case #9: NOT POSSIBLE
Case #10: 6
Case #11: 4
Case #12: 2
Case #13: 4
Case #14: 6
Case #15: NOT POSSIBLE
Case #16: NOT POSSIBLE
Case #17: 1
Case #18: 7
Case #19: 5
Case #20: 1
Case #21: NOT POSSIBLE
Case #22: NOT POSSIBLE
Case #23: NOT POSSIBLE
Case #24: 0
Case #25: NOT POSSIBLE
Case #26: 1
Case #27: NOT POSSIBLE
Case #28: 3
Case #29: NOT POSSIBLE
Case #30: 5
Case #31: NOT POSSIBLE
Case #32: 7
Case #33: 6
Case #34: 3
Case #35: NOT POSSIBLE
Case #36: 6
Case #37: 3
Case #38: 3
Case #39: 1
Case #40: 2
Case #41: 4
Case #42: NOT POSSIBLE
Case #43: 1
Case #44: NOT POSSIBLE
Case #45: 2
Case #46: 6
Case #47: 4
Case #48: NOT POSSIBLE
Case #49: 3
Case #50: 1
Case #51: 1
Case #52: 5
Case #53: NOT POSSIBLE
Case #54: 3
Case #55: 5
Case #56: 6
Case #57: 3
Case #58: 2
Case #59: 2
Case #60: NOT POSSIBLE
Case #61: 4
Case #62: NOT POSSIBLE
Case #63: 5
Case #64: 5
Case #65: 1
Case #66: 3
Case #67: NOT POSSIBLE
Case #68: 1
Case #69: 5
Case #70: 1
Case #71: 3
Case #72: NOT POSSIBLE
Case #73: 4
Case #74: 4
Case #75: NOT POSSIBLE
Case #76: 2
Case #77: 8
Case #78: 3
Case #79: NOT POSSIBLE
Case #80: 4
Case #81: 5
Case #82: 2
Case #83: 2
Case #84: 2
Case #85: 4
Case #86: 0
Case #87: 3
Case #88: NOT POSSIBLE
Case #89: 8
Case #90: 2
Case #91: 1
Case #92: 2
Case #93: 3
Case #94: NOT POSSIBLE
Case #95: 2
Case #96: 3
Case #97: NOT POSSIBLE
Case #98: 1
Case #99: NOT POSSIBLE
Case #100: 0
