Case #1: 1
Case #2: 4
Case #3: 0
Case #4: 3
Case #5: 3
Case #6: 1
Case #7: NOT POSSIBLE
Case #8: 0
Case #9: 4
Case #10: 3
Case #11: 3
Case #12: 3
Case #13: 4
Case #14: NOT POSSIBLE
Case #15: NOT POSSIBLE
Case #16: 4
Case #17: 0
Case #18: 2
Case #19: 7
Case #20: 3
Case #21: NOT POSSIBLE
Case #22: 5
Case #23: 7
Case #24: 3
Case #25: 6
Case #26: 3
Case #27: 5
Case #28: 1
Case #29: 5
Case #30: 1
Case #31: 2
Case #32: 2
Case #33: 3
Case #34: 7
Case #35: 7
Case #36: 5
Case #37: 7
Case #38: 1
Case #39: 3
Case #40: 3
Case #41: 1
Case #42: 4
Case #43: 2
Case #44: 2
Case #45: 3
Case #46: 3
Case #47: 4
Case #48: 6
Case #49: 4
Case #50: 5
Case #51: NOT POSSIBLE
Case #52: NOT POSSIBLE
Case #53: 7
Case #54: 2
Case #55: NOT POSSIBLE
Case #56: 1
Case #57: NOT POSSIBLE
Case #58: 7
Case #59: 5
Case #60: 0
Case #61: 5
Case #62: 7
Case #63: NOT POSSIBLE
Case #64: 5
Case #65: 5
Case #66: 3
Case #67: 3
Case #68: NOT POSSIBLE
Case #69: 3
Case #70: 6
Case #71: 6
Case #72: 5
Case #73: 5
Case #74: 9
Case #75: NOT POSSIBLE
Case #76: 1
Case #77: 5
Case #78: 5
Case #79: 1
Case #80: 8
Case #81: 3
Case #82: 2
Case #83: 2
Case #84: 1
Case #85: NOT POSSIBLE
Case #86: NOT POSSIBLE
Case #87: 1
Case #88: 3
Case #89: NOT POSSIBLE
Case #90: NOT POSSIBLE
Case #91: 5
Case #92: 6
Case #93: 9
Case #94: 1
Case #95: 2
Case #96: 6
Case #97: 1
Case #98: 9
Case #99: 5
Case #100: 0
