Case #1: 1
Case #2: 1
Case #3: 2
Case #4: 5
Case #5: 3
Case #6: 1
Case #7: 4
Case #8: 0
Case #9: 1
Case #10: 2
Case #11: NOT POSSIBLE
Case #12: NOT POSSIBLE
Case #13: 4
Case #14: NOT POSSIBLE
Case #15: 4
Case #16: 4
Case #17: NOT POSSIBLE
Case #18: 6
Case #19: 4
Case #20: 7
Case #21: 7
Case #22: 5
Case #23: 5
Case #24: NOT POSSIBLE
Case #25: 1
Case #26: NOT POSSIBLE
Case #27: 2
Case #28: 3
Case #29: 2
Case #30: 3
Case #31: NOT POSSIBLE
Case #32: 1
Case #33: 3
Case #34: 2
Case #35: 3
Case #36: 6
Case #37: 5
Case #38: 2
Case #39: NOT POSSIBLE
Case #40: 1
Case #41: NOT POSSIBLE
Case #42: 5
Case #43: 2
Case #44: NOT POSSIBLE
Case #45: 4
Case #46: NOT POSSIBLE
Case #47: 0
Case #48: 2
Case #49: 3
Case #50: 5
Case #51: 2
Case #52: 5
Case #53: 1
Case #54: 5
Case #55: 2
Case #56: 2
Case #57: NOT POSSIBLE
Case #58: NOT POSSIBLE
Case #59: 0
Case #60: 4
Case #61: 2
Case #62: 5
Case #63: 8
Case #64: 6
Case #65: 1
Case #66: 3
Case #67: 1
Case #68: 3
Case #69: NOT POSSIBLE
Case #70: 7
Case #71: 2
Case #72: NOT POSSIBLE
Case #73: 3
Case #74: 5
Case #75: 5
Case #76: 2
Case #77: 2
Case #78: NOT POSSIBLE
Case #79: 6
Case #80: 6
Case #81: 2
Case #82: 3
Case #83: 5
Case #84: 6
Case #85: 2
Case #86: NOT POSSIBLE
Case #87: 4
Case #88: 6
Case #89: 2
Case #90: 2
Case #91: 3
Case #92: 2
Case #93: 9
Case #94: NOT POSSIBLE
Case #95: NOT POSSIBLE
Case #96: 2
Case #97: 4
Case #98: 1
Case #99: 1
Case #100: 4
